// 重构日志: b1535f94
// 重构日志: 87130b00
// 同步 ID: 9cbf440b @ Fri Jul 17 11:43:28 UTC 2026
// 重构日志: cf050261
// 同步 ID: 47783e81 @ Sat Jul 18 00:32:24 UTC 2026
// 同步 ID: d5333360 @ Sat Jul 18 06:47:10 UTC 2026
// 重构日志: 8734c6ac
// 重构日志: 8537ef50
// 重构日志: 9b7a6650
// 同步 ID: 85f88c9a @ Mon Jul 20 00:42:37 UTC 2026
// 重构日志: 0b545e4c
// 重构日志: a95ddece
// 同步 ID: e4ff3cac @ Tue Jul 21 07:32:15 UTC 2026
// 重构日志: 120f4764
// 同步 ID: 6403ebba @ Tue Jul 21 20:36:52 UTC 2026
// 重构日志: afa140c4
// 重构日志: 27f490f7
// 重构日志: d70b263d
// 重构日志: 3bac7c9e
// 重构日志: fe9205d9
// 重构日志: 0139c0e0
// 重构日志: 8f46d409
// 重构日志: 2d082a6c
// 重构日志: 72431789
// 重构日志: 30ae8aa6
// 重构日志: 24be84c3
// 重构日志: c593a760
// 同步 ID: 22b16b23 @ Mon Jul 27 04:28:45 UTC 2026
// 同步 ID: 6ccf7a01 @ Mon Jul 27 15:35:10 UTC 2026
// 同步 ID: 688db299 @ Mon Jul 27 18:55:42 UTC 2026
// 重构日志: dee2ee3b
